components/InventoryEntryDialog.tsx(78,9): error TS2322: Type 'string | undefined' is not assignable to type 'string'.
  Type 'undefined' is not assignable to type 'string'.
components/InventoryEntryDialog.tsx(89,9): error TS2322: Type 'string | undefined' is not assignable to type 'string'.
  Type 'undefined' is not assignable to type 'string'.
components/InventoryHistory.tsx(1,8): error TS6133: 'React' is declared but its value is never read.
components/InventoryHistory.tsx(2,29): error TS6133: 'CardDescription' is declared but its value is never read.
components/InventoryHistory.tsx(2,46): error TS6133: 'CardHeader' is declared but its value is never read.
components/InventoryHistory.tsx(2,58): error TS6133: 'CardTitle' is declared but its value is never read.
components/InventoryManagement.tsx(404,7): error TS2322: Type 'string | undefined' is not assignable to type 'string'.
  Type 'undefined' is not assignable to type 'string'.
components/KitchenDashboard.tsx(4,21): error TS6196: 'Order' is declared but never used.
components/KitchenDashboard.tsx(232,61): error TS18048: 'item.product' is possibly 'undefined'.
components/KitchenDashboard.tsx(235,63): error TS18048: 'item.product' is possibly 'undefined'.
components/LoginPage.tsx(1,1): error TS6133: 'React' is declared but its value is never read.
components/LoginPage.tsx(2,23): error TS2307: Cannot find module '@/components/LoginForm' or its corresponding type declarations.
components/mobile/MobileCustomerDashboard.tsx(6,29): error TS6133: 'CardDescription' is declared but its value is never read.
components/mobile/MobileCustomerDashboard.tsx(6,46): error TS6133: 'CardHeader' is declared but its value is never read.
components/mobile/MobileCustomerDashboard.tsx(6,58): error TS6133: 'CardTitle' is declared but its value is never read.
components/mobile/MobileCustomerDashboard.tsx(14,1): error TS6133: 'useStore' is declared but its value is never read.
components/mobile/MobileCustomerDashboard.tsx(28,3): error TS6133: 'ExternalLink' is declared but its value is never read.
components/mobile/MobileCustomerDashboard.tsx(29,3): error TS6133: 'MessageCircle' is declared but its value is never read.
components/mobile/MobileCustomerDashboard.tsx(30,3): error TS6133: 'ShoppingCart' is declared but its value is never read.
components/mobile/MobileCustomerDashboard.tsx(31,3): error TS6133: 'Search' is declared but its value is never read.
components/mobile/MobileCustomerDashboard.tsx(32,3): error TS6133: 'Filter' is declared but its value is never read.
components/mobile/MobileCustomerDashboard.tsx(33,3): error TS6133: 'Heart' is declared but its value is never read.
components/mobile/MobileCustomerDashboard.tsx(34,3): error TS6133: 'Eye' is declared but its value is never read.
components/mobile/MobileCustomerDashboard.tsx(35,3): error TS6133: 'ChefHat' is declared but its value is never read.
components/mobile/MobileCustomerDashboard.tsx(36,3): error TS6133: 'Utensils' is declared but its value is never read.
components/mobile/MobileCustomerDashboard.tsx(37,3): error TS6133: 'ArrowUp' is declared but its value is never read.
components/mobile/MobileCustomerDashboard.tsx(39,34): error TS6196: 'Order' is declared but never used.
components/mobile/MobileCustomerDashboard.tsx(66,22): error TS2345: Argument of type 'string | undefined' is not assignable to parameter of type 'SetStateAction<string>'.
  Type 'undefined' is not assignable to type 'SetStateAction<string>'.
components/mobile/MobileCustomerDashboard.tsx(74,22): error TS2345: Argument of type 'string | undefined' is not assignable to parameter of type 'SetStateAction<string>'.
  Type 'undefined' is not assignable to type 'SetStateAction<string>'.
components/mobile/MobileLoginPage.tsx(1,1): error TS6133: 'React' is declared but its value is never read.
components/mobile/MobileOwnerDashboard.tsx(424,22): error TS2345: Argument of type 'string | undefined' is not assignable to parameter of type 'SetStateAction<string>'.
  Type 'undefined' is not assignable to type 'SetStateAction<string>'.
components/mobile/MobileOwnerDashboard.tsx(431,22): error TS2345: Argument of type 'string | undefined' is not assignable to parameter of type 'SetStateAction<string>'.
  Type 'undefined' is not assignable to type 'SetStateAction<string>'.
components/mobile/MobileWaiterDashboard.tsx(1,8): error TS6133: 'React' is declared but its value is never read.
components/mobile/MobileWaiterDashboard.tsx(4,60): error TS6133: 'Check' is declared but its value is never read.
components/MobileBottomNav.tsx(84,20): error TS2532: Object is possibly 'undefined'.
components/MobileBottomNav.tsx(90,23): error TS2532: Object is possibly 'undefined'.
components/MobileBottomNav.tsx(98,21): error TS18048: 'nextTab' is possibly 'undefined'.
components/MobileBottomNav.tsx(106,21): error TS18048: 'prevTab' is possibly 'undefined'.
components/MobileBottomNav.tsx(170,27): error TS6133: 'index' is declared but its value is never read.
components/MobileEmployeeDashboard.tsx(1,8): error TS6133: 'React' is declared but its value is never read.
components/MobileEmployeeDashboard.tsx(6,60): error TS6133: 'DialogTrigger' is declared but its value is never read.
components/MobileEmployeeDashboard.tsx(24,3): error TS6133: 'Menu' is declared but its value is never read.
components/MobileEmployeeDashboard.tsx(27,3): error TS6133: 'Phone' is declared but its value is never read.
components/MobileEmployeeDashboard.tsx(28,3): error TS6133: 'Mail' is declared but its value is never read.
components/MobileEmployeeDashboard.tsx(257,18): error TS18048: 'user.name' is possibly 'undefined'.
components/MobileEmployeeDashboard.tsx(341,20): error TS18048: 'user.name' is possibly 'undefined'.
components/MobileKitchenDashboard.tsx(2,61): error TS6133: 'Users' is declared but its value is never read.
components/MobileKitchenDashboard.tsx(4,21): error TS6196: 'Order' is declared but never used.
components/MobileKitchenDashboard.tsx(12,74): error TS6133: 'user' is declared but its value is never read.
components/MobileOrderManagement.tsx(1,8): error TS6133: 'React' is declared but its value is never read.
components/MobileProductManagement.tsx(5,29): error TS6133: 'CardDescription' is declared but its value is never read.
components/MobileProductManagement.tsx(5,46): error TS6133: 'CardHeader' is declared but its value is never read.
components/MobileProductManagement.tsx(5,58): error TS6133: 'CardTitle' is declared but its value is never read.
components/NotificationSettings.tsx(1,1): error TS6133: 'React' is declared but its value is never read.
components/NotificationSettings.tsx(10,10): error TS2305: Module '"../store/useStore"' has no exported member 'useSettings'.
components/NotificationSystem.tsx(1,8): error TS6133: 'React' is declared but its value is never read.
components/NotificationSystem.tsx(165,70): error TS6133: 'addNotification' is declared but its value is never read.
components/OwnerDashboard.tsx(1,8): error TS6133: 'React' is declared but its value is never read.
components/OwnerDashboard.tsx(3,29): error TS6133: 'CardDescription' is declared but its value is never read.
components/OwnerDashboard.tsx(4,29): error TS6133: 'TabsList' is declared but its value is never read.
components/OwnerDashboard.tsx(4,39): error TS6133: 'TabsTrigger' is declared but its value is never read.
components/OwnerDashboard.tsx(28,11): error TS6133: 'setUser' is declared but its value is never read.
components/OwnerDashboard.tsx(53,9): error TS6133: 'handleOpenEntryDialog' is declared but its value is never read.
components/OwnerDashboard.tsx(398,13): error TS2322: Type 'void' is not assignable to type 'ReactNode'.
components/PaymentManagement.tsx(1,8): error TS6133: 'React' is declared but its value is never read.
components/PWAInstallPrompt.tsx(1,8): error TS6133: 'React' is declared but its value is never read.
components/QRMenuSystem.tsx(1,27): error TS6133: 'useEffect' is declared but its value is never read.
components/QRMenuSystem.tsx(1,38): error TS6133: 'useRef' is declared but its value is never read.
components/QRMenuSystem.tsx(6,3): error TS6133: 'Share2' is declared but its value is never read.
components/QRMenuSystem.tsx(7,3): error TS6133: 'Eye' is declared but its value is never read.
components/QRMenuSystem.tsx(13,3): error TS6133: 'Smartphone' is declared but its value is never read.
components/QRMenuSystem.tsx(14,3): error TS6133: 'Wifi' is declared but its value is never read.
components/QRMenuSystem.tsx(19,3): error TS6133: 'RefreshCw' is declared but its value is never read.
components/QRMenuSystem.tsx(20,3): error TS6133: 'Settings' is declared but its value is never read.
components/QRMenuSystem.tsx(21,3): error TS6133: 'Palette' is declared but its value is never read.
components/QRMenuSystem.tsx(22,3): error TS6133: 'Type' is declared but its value is never read.
components/QRMenuSystem.tsx(23,12): error TS6133: 'ImageIcon' is declared but its value is never read.
components/QRMenuSystem.tsx(30,1): error TS6192: All imports in import declaration are unused.
components/QRMenuSystem.tsx(31,60): error TS6133: 'DialogTrigger' is declared but its value is never read.
components/QRMenuSystem.tsx(32,1): error TS6192: All imports in import declaration are unused.
components/QRMenuSystem.tsx(36,1): error TS6133: 'useStore' is declared but its value is never read.
components/QRMenuSystem.tsx(193,28): error TS6133: 'url' is declared but its value is never read.
components/QRMenuSystem.tsx(390,72): error TS2345: Argument of type 'QRTemplate | undefined' is not assignable to parameter of type 'QRTemplate | (() => QRTemplate)'.
  Type 'undefined' is not assignable to type 'QRTemplate | (() => QRTemplate)'.
components/QRMenuSystem.tsx(401,11): error TS2375: Type '{ name: string; description: string; tableNumber: number | undefined; location: string; url: string; isActive: true; customization: { primaryColor: string; secondaryColor: string; fontFamily: string; showPrices: true; showImages: true; showDescriptions: true; language: string; }; }' is not assignable to type 'Partial<QRMenu>' with 'exactOptionalPropertyTypes: true'. Consider adding 'undefined' to the types of the target's properties.
  Types of property 'tableNumber' are incompatible.
    Type 'number | undefined' is not assignable to type 'number'.
      Type 'undefined' is not assignable to type 'number'.
components/QRMenuSystem.tsx(547,18): error TS2304: Cannot find name 'TrendingUp'.
components/QRMenuSystem.tsx(741,12): error TS2375: Type '{ onSubmit: (menuData: Partial<QRMenu>) => void; onCancel: () => void; editingMenu: QRMenu | undefined; }' is not assignable to type '{ onSubmit: (menu: Partial<QRMenu>) => void; onCancel: () => void; editingMenu?: QRMenu; }' with 'exactOptionalPropertyTypes: true'. Consider adding 'undefined' to the types of the target's properties.
  Types of property 'editingMenu' are incompatible.
    Type 'QRMenu | undefined' is not assignable to type 'QRMenu'.
      Type 'undefined' is not assignable to type 'QRMenu'.
components/RatingSystem.tsx(1,27): error TS6133: 'useCallback' is declared but its value is never read.
components/RatingSystem.tsx(170,11): error TS2339: Property 'currentUser' does not exist on type 'PAMBAZOStore'.
components/RatingSystem.tsx(188,13): error TS2375: Type '{ productId: string; orderId: string | undefined; rating: number; title: string; comment: string; userId: any; userName: any; userAvatar: any; verified: boolean; helpful: number; notHelpful: number; createdAt: Date; updatedAt: Date; }' is not assignable to type 'Partial<Review>' with 'exactOptionalPropertyTypes: true'. Consider adding 'undefined' to the types of the target's properties.
  Types of property 'orderId' are incompatible.
    Type 'string | undefined' is not assignable to type 'string'.
      Type 'undefined' is not assignable to type 'string'.
components/RatingSystem.tsx(445,26): error TS6133: 'reviewId' is declared but its value is never read.
components/RatingSystem.tsx(445,44): error TS6133: 'helpful' is declared but its value is never read.
components/RatingSystem.tsx(449,25): error TS6133: 'reviewId' is declared but its value is never read.
components/SkeletonLoaders.tsx(1,1): error TS6133: 'React' is declared but its value is never read.
components/SkeletonLoaders.tsx(211,15): error TS2322: Type '{ className: string; style: { width: string; }; }' is not assignable to type 'IntrinsicAttributes & SkeletonProps'.
  Property 'style' does not exist on type 'IntrinsicAttributes & SkeletonProps'.
components/StatsOverview.tsx(1,1): error TS6133: 'React' is declared but its value is never read.
components/StatsOverview.tsx(3,84): error TS6133: 'LineChart' is declared but its value is never read.
components/StatsOverview.tsx(3,95): error TS6133: 'Line' is declared but its value is never read.
components/StatsOverview.tsx(4,10): error TS6133: 'DollarSign' is declared but its value is never read.
components/StatsOverview.tsx(4,22): error TS6133: 'ShoppingCart' is declared but its value is never read.
components/StatsOverview.tsx(4,36): error TS6133: 'Truck' is declared but its value is never read.
components/StatsOverview.tsx(4,43): error TS6133: 'Users' is declared but its value is never read.
components/StatsOverview.tsx(73,29): error TS2339: Property 'icon' does not exist on type 'never'.
components/StatsOverview.tsx(80,29): error TS2339: Property 'title' does not exist on type 'never'.
components/StatsOverview.tsx(82,61): error TS2339: Property 'value' does not exist on type 'never'.
components/StatsOverview.tsx(83,51): error TS2339: Property 'color' does not exist on type 'never'.
components/StatsOverview.tsx(84,29): error TS2339: Property 'change' does not exist on type 'never'.
components/StatsOverview.tsx(87,52): error TS2339: Property 'color' does not exist on type 'never'.
components/StatsOverview.tsx(147,61): error TS2339: Property 'color' does not exist on type 'never'.
components/TableManagement.tsx(1,8): error TS6133: 'React' is declared but its value is never read.
components/TableManagement.tsx(3,1): error TS6133: 'Input' is declared but its value is never read.
components/TableManagement.tsx(5,29): error TS6133: 'CardDescription' is declared but its value is never read.
components/TableManagement.tsx(6,79): error TS6133: 'DialogTrigger' is declared but its value is never read.
components/TableManagement.tsx(11,3): error TS6133: 'Plus' is declared but its value is never read.
components/TableManagement.tsx(12,3): error TS6133: 'Edit' is declared but its value is never read.
components/TableManagement.tsx(15,3): error TS6133: 'DollarSign' is declared but its value is never read.
components/TableManagement.tsx(17,3): error TS6133: 'XCircle' is declared but its value is never read.
components/TableManagement.tsx(19,3): error TS6133: 'Coffee' is declared but its value is never read.
components/TableManagement.tsx(59,68): error TS6133: 'getOrdersByTable' is declared but its value is never read.
components/TableManagement.tsx(87,25): error TS18048: 'testTable' is possibly 'undefined'.
components/TableManagement.tsx(92,43): error TS18048: 'testTable' is possibly 'undefined'.
components/TableManagement.tsx(102,20): error TS2345: Argument of type 'Table[]' is not assignable to parameter of type 'SetStateAction<Table[]>'.
  Type 'import("D:/DESARROLLOS/PAMBASO 2.1/shared/types").Table[]' is not assignable to type 'Table[]'.
    Type 'import("D:/DESARROLLOS/PAMBASO 2.1/shared/types").Table' is not assignable to type 'Table' with 'exactOptionalPropertyTypes: true'. Consider adding 'undefined' to the types of the target's properties.
      Types of property 'currentOrder' are incompatible.
        Type 'string' is not assignable to type 'TableOrder'.
components/TableManagement.tsx(107,5): error TS2375: Type '{ id: any; number: any; capacity: any; status: any; assignedWaiter: any; occupiedSince: Date | undefined; customerCount: any; estimatedTime: number; notes: any; }' is not assignable to type 'Table' with 'exactOptionalPropertyTypes: true'. Consider adding 'undefined' to the types of the target's properties.
  Types of property 'occupiedSince' are incompatible.
    Type 'Date | undefined' is not assignable to type 'Date'.
      Type 'undefined' is not assignable to type 'Date'.
components/TableManagement.tsx(131,10): error TS6133: 'editingTable' is declared but its value is never read.
components/TableManagement.tsx(131,24): error TS6133: 'setEditingTable' is declared but its value is never read.
components/TableManagement.tsx(213,10): error TS2532: Object is possibly 'undefined'.
components/TableManagement.tsx(220,22): error TS2345: Argument of type '(prev: Table[]) => (Table | { status: "available" | "occupied" | "reserved" | "cleaning"; guestCount: any; waiterName: any; occupiedSince: string | Date | undefined; ... 7 more ...; notes?: string; })[]' is not assignable to parameter of type 'SetStateAction<Table[]>'.
  Type '(prev: Table[]) => (Table | { status: "available" | "occupied" | "reserved" | "cleaning"; guestCount: any; waiterName: any; occupiedSince: string | Date | undefined; ... 7 more ...; notes?: string; })[]' is not assignable to type '(prevState: Table[]) => Table[]'.
    Type '(Table | { status: "available" | "occupied" | "reserved" | "cleaning"; guestCount: any; waiterName: any; occupiedSince: string | Date | undefined; id: string; number: number; ... 5 more ...; notes?: string; })[]' is not assignable to type 'Table[]'.
      Type 'Table | { status: "available" | "occupied" | "reserved" | "cleaning"; guestCount: any; waiterName: any; occupiedSince: string | Date | undefined; id: string; number: number; ... 5 more ...; notes?: string; }' is not assignable to type 'Table' with 'exactOptionalPropertyTypes: true'. Consider adding 'undefined' to the types of the target's properties.
        Type '{ status: "available" | "occupied" | "reserved" | "cleaning"; guestCount: any; waiterName: any; occupiedSince: string | Date | undefined; id: string; number: number; capacity: number; ... 4 more ...; notes?: string; }' is not assignable to type 'Table' with 'exactOptionalPropertyTypes: true'. Consider adding 'undefined' to the types of the target's properties.
          Types of property 'occupiedSince' are incompatible.
            Type 'string | Date | undefined' is not assignable to type 'Date'.
              Type 'undefined' is not assignable to type 'Date'.
components/TableManagement.tsx(226,45): error TS2339: Property 'guestCount' does not exist on type 'Table'.
components/TableManagement.tsx(227,45): error TS2339: Property 'waiterName' does not exist on type 'Table'.
components/TableManagement.tsx(265,72): error TS2339: Property 'customerCount' does not exist on type 'Table'.
components/TableManagement.tsx(269,11): error TS6133: 'updatedTables' is declared but its value is never read.
components/TableManagement.tsx(314,46): error TS2345: Argument of type '"served"' is not assignable to parameter of type '"pending" | "preparing" | "ready" | "completed" | "cancelled" | "delivered"'.
components/TableManagement.tsx(343,34): error TS2345: Argument of type '"pending" | "preparing" | "ready" | "served"' is not assignable to parameter of type '"pending" | "preparing" | "ready" | "completed" | "cancelled" | "delivered"'.
  Type '"served"' is not assignable to type '"pending" | "preparing" | "ready" | "completed" | "cancelled" | "delivered"'.
components/TableManagement.tsx(359,9): error TS6133: 'formatDuration' is declared but its value is never read.
components/TableManagementDialog.tsx(1,8): error TS6133: 'React' is declared but its value is never read.
components/TableManagementDialog.tsx(11,51): error TS6133: 'DollarSign' is declared but its value is never read.
components/TableManagementDialog.tsx(132,7): error TS2322: Type 'string | undefined' is not assignable to type 'string'.
  Type 'undefined' is not assignable to type 'string'.
components/ui/context-menu.tsx(144,6): error TS2375: Type '{ children: (ReactNode | Element)[]; role?: AriaRole | undefined; id?: string | undefined; title?: string | undefined; style?: CSSProperties | undefined; ... 266 more ...; checked: CheckedState | undefined; }' is not assignable to type 'ContextMenuCheckboxItemProps' with 'exactOptionalPropertyTypes: true'. Consider adding 'undefined' to the types of the target's properties.
  Types of property 'checked' are incompatible.
    Type 'CheckedState | undefined' is not assignable to type 'CheckedState'.
      Type 'undefined' is not assignable to type 'CheckedState'.
components/ui/dropdown-menu.tsx(92,6): error TS2375: Type '{ children: (ReactNode | Element)[]; role?: AriaRole | undefined; id?: string | undefined; title?: string | undefined; style?: CSSProperties | undefined; ... 266 more ...; checked: CheckedState | undefined; }' is not assignable to type 'DropdownMenuCheckboxItemProps' with 'exactOptionalPropertyTypes: true'. Consider adding 'undefined' to the types of the target's properties.
  Types of property 'checked' are incompatible.
    Type 'CheckedState | undefined' is not assignable to type 'CheckedState'.
      Type 'undefined' is not assignable to type 'CheckedState'.
components/ui/menubar.tsx(121,6): error TS2375: Type '{ children: (ReactNode | Element)[]; role?: AriaRole | undefined; id?: string | undefined; title?: string | undefined; style?: CSSProperties | undefined; ... 266 more ...; checked: CheckedState | undefined; }' is not assignable to type 'MenubarCheckboxItemProps' with 'exactOptionalPropertyTypes: true'. Consider adding 'undefined' to the types of the target's properties.
  Types of property 'checked' are incompatible.
    Type 'CheckedState | undefined' is not assignable to type 'CheckedState'.
      Type 'undefined' is not assignable to type 'CheckedState'.
components/ui/resizable.tsx(12,51): error TS2339: Property 'PanelGroup' does not exist on type 'typeof import("D:/DESARROLLOS/PAMBASO 2.1/node_modules/react-resizable-panels/dist/react-resizable-panels")'.
components/ui/resizable.tsx(14,25): error TS2339: Property 'PanelGroup' does not exist on type 'typeof import("D:/DESARROLLOS/PAMBASO 2.1/node_modules/react-resizable-panels/dist/react-resizable-panels")'.
components/ui/resizable.tsx(35,51): error TS2339: Property 'PanelResizeHandle' does not exist on type 'typeof import("D:/DESARROLLOS/PAMBASO 2.1/node_modules/react-resizable-panels/dist/react-resizable-panels")'.
components/ui/resizable.tsx(39,25): error TS2339: Property 'PanelResizeHandle' does not exist on type 'typeof import("D:/DESARROLLOS/PAMBASO 2.1/node_modules/react-resizable-panels/dist/react-resizable-panels")'.
components/ui/resizable.tsx(52,26): error TS2339: Property 'PanelResizeHandle' does not exist on type 'typeof import("D:/DESARROLLOS/PAMBASO 2.1/node_modules/react-resizable-panels/dist/react-resizable-panels")'.
components/ui/slider.tsx(27,6): error TS2375: Type '{ children: (Element | Element[])[]; name?: string; disabled?: boolean; orientation?: "horizontal" | "vertical" | undefined; dir?: Direction; step?: number; minStepsBetweenThumbs?: number; ... 272 more ...; className: string; }' is not assignable to type 'SliderProps' with 'exactOptionalPropertyTypes: true'. Consider adding 'undefined' to the types of the target's properties.
  Types of property 'value' are incompatible.
    Type 'number[] | undefined' is not assignable to type 'number[]'.
      Type 'undefined' is not assignable to type 'number[]'.
components/ui/sonner.tsx(10,6): error TS2375: Type '{ invert?: boolean; theme: "system" | "light" | "dark" | undefined; position?: Position; hotkey?: string[]; richColors?: boolean; expand?: boolean; duration?: number; gap?: number; visibleToasts?: number; ... 11 more ...; pauseWhenPageIsHidden?: boolean; }' is not assignable to type 'ToasterProps' with 'exactOptionalPropertyTypes: true'. Consider adding 'undefined' to the types of the target's properties.
  Types of property 'theme' are incompatible.
    Type '"system" | "light" | "dark" | undefined' is not assignable to type '"system" | "light" | "dark"'.
      Type 'undefined' is not assignable to type '"system" | "light" | "dark"'.
components/WaiterDashboard.tsx(10,1): error TS6133: 'Textarea' is declared but its value is never read.
components/WaiterDashboard.tsx(123,49): error TS6133: 'onLogout' is declared but its value is never read.
components/WaiterDashboard.tsx(124,17): error TS6133: 'storeUser' is declared but its value is never read.
components/WaiterDashboard.tsx(135,24): error TS6133: 'setTablesServed' is declared but its value is never read.
components/WaiterDashboard.tsx(155,5): error TS6133: 'generateTableRequestNotification' is declared but its value is never read.
components/WaiterDashboard.tsx(239,7): error TS18048: 'order.notes' is possibly 'undefined'.
components/WaiterDashboard.tsx(264,9): error TS6133: 'assignTableToWaiter' is declared but its value is never read.
hooks/useGeolocation.ts(237,13): error TS2488: Type '[number, number] | undefined' must have a '[Symbol.iterator]()' method that returns an iterator.
lib/utils.ts(122,3): error TS2322: Type 'string | undefined' is not assignable to type 'string'.
  Type 'undefined' is not assignable to type 'string'.
src/components/HistoricalProductsView.tsx(15,5): error TS6133: 'getFinishedProductsHistory' is declared but its value is never read.
src/components/HistoricalProductsView.tsx(16,5): error TS6133: 'getSalesByDateRange' is declared but its value is never read.
src/components/HistoricalProductsView.tsx(93,17): error TS2345: Argument of type 'string | undefined' is not assignable to parameter of type 'string'.
  Type 'undefined' is not assignable to type 'string'.
src/components/OptimizedSyncProvider.tsx(87,35): error TS2339: Property 'now' does not exist on type '{ renderCount: number; lastRenderTime: number; avgRenderTime: number; }'.
src/components/OptimizedSyncProvider.tsx(90,35): error TS2339: Property 'now' does not exist on type '{ renderCount: number; lastRenderTime: number; avgRenderTime: number; }'.
